.\gradlew : WARNING: A 
restricted method in 
java.lang.System has 
been called
En línea: 1 Carácter: 1
+ .\gradlew clean 
assembleDebug 2>&1 | 
Tee-Object -FilePath 
"build_outp ...
+ ~~~~~~~~~~~~~~~~~~~~~
~~~~~~~~~~~~~
    + CategoryInfo     
         : NotSpecifi  
  ed: (WARNING: A re   
 st...has been call    
ed:String) [], Rem    
oteException
    + FullyQualifiedEr 
   rorId : NativeComm  
  andError
 
WARNING: 
java.lang.System::load 
has been called by net.
rubygrapefruit.platform
.internal.NativeLibrary
Loader in an unnamed 
module (file:/C:/Users/
crist/.gradle/wrapper/d
ists/gradle-8.13-bin/5x
uhj0ry160q40clulazy9h7d
/gradle-8.13/lib/native
-platform-0.22-mileston
e-28.jar)
WARNING: Use --enable-n
ative-access=ALL-UNNAME
D to avoid a warning 
for callers in this 
module
WARNING: Restricted 
methods will be 
blocked in a future 
release unless native 
access is enabled


FAILURE: Build failed 
with an exception.

* What went wrong:
Could not determine 
the dependencies of 
task ':app:compileDebug
JavaWithJavac'.
> SDK location not 
found. Define a valid 
SDK location with an 
ANDROID_HOME 
environment variable 
or by setting the 
sdk.dir path in your 
project's local 
properties file at 'C:\
Users\crist\Documents\P
royectos\GorrasElPadrin
o\local.properties'.

* Try:
> Run with 
--stacktrace option to 
get the stack trace.
> Run with --info or 
--debug option to get 
more log output.
> Run with --scan to 
get full insights.
> Get more help at http
s://help.gradle.org.

BUILD FAILED in 1s
